============================================================
≡ƒº¬ TESTING PAUD FORM CONFIGURATION
============================================================

≡ƒôï PAUD FORM FIELDS:
----------------------------------------
Total fields: 39
Required fields: 29
Optional fields: 10

Γ£à Required Fields:
  1. namaLengkap (text) - "Nama Lengkap"
  2. namaPanggilan (text) - "Nama Panggilan"
  3. tempatLahir (text) - "Tempat Lahir"
  4. tanggalLahir (date) - "Tanggal Lahir"
  5. usia (number) - "Usia (Tahun)"
  6. jenisKelamin (select) - "Jenis Kelamin"
  7. alamatLengkap (textarea) - "Alamat Lengkap"
  8. kewarganegaraan (select) - "Status Kewarganegaraan"
  9. anakKe (number) - "Anak Nomor Ke"
  10. dariSaudara (number) - "Dari Berapa Saudara Kandung"
  11. bahasaSehariHari (text) - "Bahasa Sehari-hari"
  12. beratBadan (number) - "Berat Badan (kg)"
  13. tinggiBadan (number) - "Tinggi Badan (cm)"
  14. namaAyah (text) - "Nama Ayah Kandung"
  15. ttlAyah (text) - "Tempat, Tanggal Lahir Ayah"
  16. kewarganegaraanAyah (select) - "Kewarganegaraan Ayah"
  17. pendidikanAyah (select) - "Pendidikan Terakhir Ayah"
  18. pekerjaanAyah (select) - "Pekerjaan Ayah"
  19. penghasilanAyah (select) - "Penghasilan Ayah Perbulan"
  20. noWaAyah (tel) - "No. Telp/WA Ayah"
  21. namaIbu (text) - "Nama Ibu Kandung"
  22. ttlIbu (text) - "Tempat, Tanggal Lahir Ibu"
  23. kewarganegaraanIbu (select) - "Kewarganegaraan Ibu"
  24. pendidikanIbu (select) - "Pendidikan Terakhir Ibu"
  25. pekerjaanIbu (select) - "Pekerjaan Ibu"
  26. penghasilanIbu (select) - "Penghasilan Ibu Perbulan"
  27. noWaIbu (tel) - "No. Telp/WA Ibu"
  28. statusMasuk (select) - "Masuk ke Sekolah Ini Sebagai"
  29. sumberInfo (select) - "Tau Info PAUD dari mana?"

ΓÜ¬ Optional Fields:
  1. jumlahSaudaraTiri (number) - "Banyak Saudara Tiri"
  2. golonganDarah (select) - "Gol. Darah"
  3. imunisasi (textarea) - "Imunisasi yang Pernah Diberikan"
  4. riwayatPenyakit (textarea) - "Riwayat Kesehatan / Penyakit Anak"
  5. alamatAyah (textarea) - "Alamat/Tempat Tinggal Ayah"
  6. jumlahTanggunganAyah (number) - "Jumlah Tanggungan Ayah"
  7. alamatIbu (textarea) - "Alamat/Tempat Tinggal Ibu"
  8. jumlahTanggunganIbu (number) - "Jumlah Tanggungan Ibu"
  9. asalSekolah (text) - "Pindahan Dari Sekolah (Jika Pindahan)"
  10. tanggalDiterima (date) - "Diterima Di Sekolah Ini pada tanggal"

≡ƒôä PAUD DOCUMENT REQUIREMENTS:
----------------------------------------
  1. PAS_FOTO - "Pas Foto 3x4 (Latar Merah)" [Γ£à Required]
  2. FOTO_KELUARGA - "Foto Keluarga Bebas" [Γ£à Required]
  3. KTP_IBU - "Foto KTP Ibu" [Γ£à Required]
  4. KTP_AYAH - "Foto KTP Ayah" [Γ£à Required]
  5. KARTU_KELUARGA - "Foto Kartu Keluarga (KK)" [Γ£à Required]
  6. AKTA_KELAHIRAN - "Foto Akta Kelahiran" [ΓÜ¬ Optional]
  7. BUKTI_PEMBAYARAN - "Bukti Pembayaran" [Γ£à Required]

≡ƒöì TESTING VALIDATION SCHEMA:
----------------------------------------
Γ£à VALIDATION PASSED!

Validated data sample:
  - Nama: Ahmad Fauzi
  - Nama Panggilan: Fauzi
  - Usia: 4
  - Berat Badan: 15
  - Tinggi Badan: 100
  - Imunisasi: BCG, DPT, Polio, Campak, Hepatitis B
  - TTL Ayah: Cirebon, 1 Januari 1990
  - Alamat Ayah: Jl. Pesantren No. 123, Cirebon
  - Jumlah Tanggungan Ayah: 3
  - TTL Ibu: Cirebon, 15 Juni 1992
  - Alamat Ibu: Jl. Pesantren No. 123, Cirebon
  - Jumlah Tanggungan Ibu: 2

≡ƒôè GOOGLE FORM COMPARISON:
----------------------------------------
  Γ£à namaLengkap - "Nama Lengkap"
  Γ£à namaPanggilan - "Nama Panggilan"
  Γ£à tempatLahir - "Tempat Lahir"
  Γ£à tanggalLahir - "Tanggal Lahir"
  Γ£à usia - "Usia"
  Γ£à jenisKelamin - "Jenis Kelamin"
  Γ£à alamatLengkap - "Alamat Lengkap"
  Γ£à kewarganegaraan - "Status Kewarganegaraan"
  Γ£à anakKe - "Anak Nomor Ke"
  Γ£à dariSaudara - "Banyak Saudara Kandung"
  Γ£à jumlahSaudaraTiri - "Banyak Saudara Tiri"
  Γ£à bahasaSehariHari - "Bahasa Sehari-hari"
  Γ£à beratBadan - "Berat Badan"
  Γ£à tinggiBadan - "Tinggi Badan"
  Γ£à golonganDarah - "Gol. Darah"
  Γ£à imunisasi - "Imunisasi yang pernah diberikan"
  Γ£à riwayatPenyakit - "Riwayat Kesehatan Anak"
  Γ£à namaAyah - "Nama Ayah Kandung"
  Γ£à ttlAyah - "Tempat, Tanggal Lahir Ayah"
  Γ£à kewarganegaraanAyah - "Kewarganegaraan Ayah"
  Γ£à pendidikanAyah - "Pendidikan Terakhir Ayah"
  Γ£à alamatAyah - "Alamat/Tempat Tinggal Ayah"
  Γ£à pekerjaanAyah - "Pekerjaan Ayah"
  Γ£à penghasilanAyah - "Penghasilan Ayah Perbulan"
  Γ£à jumlahTanggunganAyah - "Jumlah Tanggungan Ayah"
  Γ£à noWaAyah - "No. Telp Ayah"
  Γ£à namaIbu - "Nama Ibu Kandung"
  Γ£à ttlIbu - "Tempat, Tanggal Lahir Ibu"
  Γ£à kewarganegaraanIbu - "Kewarganegaraan Ibu"
  Γ£à pendidikanIbu - "Pendidikan Terakhir Ibu"
  Γ£à alamatIbu - "Alamat/Tempat Tinggal Ibu"
  Γ£à pekerjaanIbu - "Pekerjaan Ibu"
  Γ£à penghasilanIbu - "Penghasilan Ibu Perbulan"
  Γ£à jumlahTanggunganIbu - "Jumlah Tanggungan Ibu"
  Γ£à noWaIbu - "No. Telp Ibu"
  Γ£à statusMasuk - "Masuk ke Sekolah Ini Sebagai"
  Γ£à asalSekolah - "Pindahan Dari Sekolah"
  Γ£à tanggalDiterima - "Diterima Di Sekolah Ini pada tanggal"

============================================================
≡ƒÄë ALL GOOGLE FORM FIELDS ARE PRESENT IN PAUD CONFIG!
============================================================
